{
  "data": {
    "projects": {
      "totalCount": 13,
      "edges": [
        {
          "node": {
            "id": "0dada3b8-1220-11e7-93ae-92361f002671",
            "name": "Project 2",
            "slug": "project-2",
            "organization": {
              "id": "71298d2c-0ff4-11e7-93ae-92361f002671",
              "name": "Organization 0",
              "slug": "organization-0",
              "owners": [
                {
                  "id": "a38f8ef4-400b-4229-a5ff-712ff5f72b27"
                }
              ],
              "organization_members": [
                {
                  "id": "0659f3d0-4883-4bb5-a8dd-d8215c9dc369"
                },
                {
                  "id": "1f4199c5-150d-4f94-85e7-40497458e4ee"
                },
                {
                  "id": "3bf979cb-7f82-4de5-9b81-5a9a868505ce"
                },
                {
                  "id": "da49c01f-2e99-45ee-9557-eb3eb57b06c5"
                }
              ]
            }
          }
        },
        {
          "node": {
            "id": "0dadbe2a-1220-11e7-93ae-92361f002671",
            "name": "Project 12",
            "slug": "project-12",
            "organization": {
              "id": "7129a352-0ff4-11e7-93ae-92361f002671",
              "name": "Organization 12",
              "slug": "organization-12",
              "owners": [
                {
                  "id": "441d0c07-b951-41e2-9d4d-ce2273fdfdf1"
                }
              ],
              "organization_members": [
                {
                  "id": "0659f3d0-4883-4bb5-a8dd-d8215c9dc369"
                },
                {
                  "id": "1f4199c5-150d-4f94-85e7-40497458e4ee"
                },
                {
                  "id": "3bf979cb-7f82-4de5-9b81-5a9a868505ce"
                },
                {
                  "id": "a38f8ef4-400b-4229-a5ff-712ff5f72b27"
                },
                {
                  "id": "da49c01f-2e99-45ee-9557-eb3eb57b06c5"
                }
              ]
            }
          }
        },
        {
          "node": {
            "id": "0dadd306-1220-11e7-93ae-92361f002671",
            "name": "Project 20",
            "slug": "project-20",
            "organization": {
              "id": "712b1386-0ff4-11e7-93ae-92361f002671",
              "name": "Organization 20",
              "slug": "organization-20",
              "owners": [
                {
                  "id": "34eaa88b-85b6-4e5f-af91-524de69bb53f"
                }
              ],
              "organization_members": [
                {
                  "id": "3bf979cb-7f82-4de5-9b81-5a9a868505ce"
                },
                {
                  "id": "a38f8ef4-400b-4229-a5ff-712ff5f72b27"
                },
                {
                  "id": "da49c01f-2e99-45ee-9557-eb3eb57b06c5"
                }
              ]
            }
          }
        },
        {
          "node": {
            "id": "0dadd680-1220-11e7-93ae-92361f002671",
            "name": "Project 21",
            "slug": "project-21",
            "organization": {
              "id": "712b1494-0ff4-11e7-93ae-92361f002671",
              "name": "Organization 21",
              "slug": "organization-21",
              "owners": [
                {
                  "id": "a86ab75b-7c52-4d3a-a4c0-e419f7318172"
                }
              ],
              "organization_members": [
                {
                  "id": "a38f8ef4-400b-4229-a5ff-712ff5f72b27"
                },
                {
                  "id": "da49c01f-2e99-45ee-9557-eb3eb57b06c5"
                }
              ]
            }
          }
        },
        {
          "node": {
            "id": "0daddd74-1220-11e7-93ae-92361f002671",
            "name": "Project 24",
            "slug": "project-24",
            "organization": {
              "id": "712b24ca-0ff4-11e7-93ae-92361f002671",
              "name": "Organization 24",
              "slug": "organization-24",
              "owners": [
                {
                  "id": "85ab2baa-c019-4d7f-a22d-ba53c1e6723f"
                }
              ],
              "organization_members": [
                {
                  "id": "0659f3d0-4883-4bb5-a8dd-d8215c9dc369"
                },
                {
                  "id": "1f4199c5-150d-4f94-85e7-40497458e4ee"
                },
                {
                  "id": "3bf979cb-7f82-4de5-9b81-5a9a868505ce"
                },
                {
                  "id": "a38f8ef4-400b-4229-a5ff-712ff5f72b27"
                },
                {
                  "id": "da49c01f-2e99-45ee-9557-eb3eb57b06c5"
                }
              ]
            }
          }
        },
        {
          "node": {
            "id": "0dade0c6-1220-11e7-93ae-92361f002671",
            "name": "Project 25",
            "slug": "project-25",
            "organization": {
              "id": "712b25a6-0ff4-11e7-93ae-92361f002671",
              "name": "Organization 25",
              "slug": "organization-25",
              "owners": [
                {
                  "id": "5230ca7e-282f-40b5-9ef3-1feea78209d5"
                }
              ],
              "organization_members": [
                {
                  "id": "0659f3d0-4883-4bb5-a8dd-d8215c9dc369"
                },
                {
                  "id": "3bf979cb-7f82-4de5-9b81-5a9a868505ce"
                },
                {
                  "id": "a38f8ef4-400b-4229-a5ff-712ff5f72b27"
                },
                {
                  "id": "da49c01f-2e99-45ee-9557-eb3eb57b06c5"
                }
              ]
            }
          }
        },
        {
          "node": {
            "id": "0dade2ba-1220-11e7-93ae-92361f002671",
            "name": "Project 26",
            "slug": "project-26",
            "organization": {
              "id": "712b279a-0ff4-11e7-93ae-92361f002671",
              "name": "Organization 26",
              "slug": "organization-26",
              "owners": [
                {
                  "id": "04837db2-a7fc-461d-861c-4e513e3debe7"
                }
              ],
              "organization_members": [
                {
                  "id": "3bf979cb-7f82-4de5-9b81-5a9a868505ce"
                },
                {
                  "id": "a38f8ef4-400b-4229-a5ff-712ff5f72b27"
                },
                {
                  "id": "da49c01f-2e99-45ee-9557-eb3eb57b06c5"
                }
              ]
            }
          }
        },
        {
          "node": {
            "id": "0dade576-1220-11e7-93ae-92361f002671",
            "name": "Project 27",
            "slug": "project-27",
            "organization": {
              "id": "712b2876-0ff4-11e7-93ae-92361f002671",
              "name": "Organization 27",
              "slug": "organization-27",
              "owners": [
                {
                  "id": "9ae553f1-bb20-4dd3-8250-3a1c3cc7e071"
                }
              ],
              "organization_members": [
                {
                  "id": "a38f8ef4-400b-4229-a5ff-712ff5f72b27"
                },
                {
                  "id": "da49c01f-2e99-45ee-9557-eb3eb57b06c5"
                }
              ]
            }
          }
        },
        {
          "node": {
            "id": "0dadf322-1220-11e7-93ae-92361f002671",
            "name": "Project 32",
            "slug": "project-32",
            "organization": {
              "id": "71298d2c-0ff4-11e7-93ae-92361f002671",
              "name": "Organization 0",
              "slug": "organization-0",
              "owners": [
                {
                  "id": "a38f8ef4-400b-4229-a5ff-712ff5f72b27"
                }
              ],
              "organization_members": [
                {
                  "id": "0659f3d0-4883-4bb5-a8dd-d8215c9dc369"
                },
                {
                  "id": "1f4199c5-150d-4f94-85e7-40497458e4ee"
                },
                {
                  "id": "3bf979cb-7f82-4de5-9b81-5a9a868505ce"
                },
                {
                  "id": "da49c01f-2e99-45ee-9557-eb3eb57b06c5"
                }
              ]
            }
          }
        },
        {
          "node": {
            "id": "0dae0844-1220-11e7-93ae-92361f002671",
            "name": "Project 42",
            "slug": "project-42",
            "organization": {
              "id": "7129a352-0ff4-11e7-93ae-92361f002671",
              "name": "Organization 12",
              "slug": "organization-12",
              "owners": [
                {
                  "id": "441d0c07-b951-41e2-9d4d-ce2273fdfdf1"
                }
              ],
              "organization_members": [
                {
                  "id": "0659f3d0-4883-4bb5-a8dd-d8215c9dc369"
                },
                {
                  "id": "1f4199c5-150d-4f94-85e7-40497458e4ee"
                },
                {
                  "id": "3bf979cb-7f82-4de5-9b81-5a9a868505ce"
                },
                {
                  "id": "a38f8ef4-400b-4229-a5ff-712ff5f72b27"
                },
                {
                  "id": "da49c01f-2e99-45ee-9557-eb3eb57b06c5"
                }
              ]
            }
          }
        },
        {
          "node": {
            "id": "0dae38f0-1220-11e7-93ae-92361f002671",
            "name": "Project 62",
            "slug": "project-62",
            "organization": {
              "id": "71298d2c-0ff4-11e7-93ae-92361f002671",
              "name": "Organization 0",
              "slug": "organization-0",
              "owners": [
                {
                  "id": "a38f8ef4-400b-4229-a5ff-712ff5f72b27"
                }
              ],
              "organization_members": [
                {
                  "id": "0659f3d0-4883-4bb5-a8dd-d8215c9dc369"
                },
                {
                  "id": "1f4199c5-150d-4f94-85e7-40497458e4ee"
                },
                {
                  "id": "3bf979cb-7f82-4de5-9b81-5a9a868505ce"
                },
                {
                  "id": "da49c01f-2e99-45ee-9557-eb3eb57b06c5"
                }
              ]
            }
          }
        },
        {
          "node": {
            "id": "0dae54c0-1220-11e7-93ae-92361f002671",
            "name": "Project 72",
            "slug": "project-72",
            "organization": {
              "id": "7129a352-0ff4-11e7-93ae-92361f002671",
              "name": "Organization 12",
              "slug": "organization-12",
              "owners": [
                {
                  "id": "441d0c07-b951-41e2-9d4d-ce2273fdfdf1"
                }
              ],
              "organization_members": [
                {
                  "id": "0659f3d0-4883-4bb5-a8dd-d8215c9dc369"
                },
                {
                  "id": "1f4199c5-150d-4f94-85e7-40497458e4ee"
                },
                {
                  "id": "3bf979cb-7f82-4de5-9b81-5a9a868505ce"
                },
                {
                  "id": "a38f8ef4-400b-4229-a5ff-712ff5f72b27"
                },
                {
                  "id": "da49c01f-2e99-45ee-9557-eb3eb57b06c5"
                }
              ]
            }
          }
        },
        {
          "node": {
            "id": "0dae91ba-1220-11e7-93ae-92361f002671",
            "name": "Project 92",
            "slug": "project-92",
            "organization": {
              "id": "71298d2c-0ff4-11e7-93ae-92361f002671",
              "name": "Organization 0",
              "slug": "organization-0",
              "owners": [
                {
                  "id": "a38f8ef4-400b-4229-a5ff-712ff5f72b27"
                }
              ],
              "organization_members": [
                {
                  "id": "0659f3d0-4883-4bb5-a8dd-d8215c9dc369"
                },
                {
                  "id": "1f4199c5-150d-4f94-85e7-40497458e4ee"
                },
                {
                  "id": "3bf979cb-7f82-4de5-9b81-5a9a868505ce"
                },
                {
                  "id": "da49c01f-2e99-45ee-9557-eb3eb57b06c5"
                }
              ]
            }
          }
        }
      ]
    }
  }
}
